// Jest Snapshot v1, https://goo.gl/fbAQLP

exports[`render Help 1`] = `
Object {
  "asFragment": [Function],
  "baseElement": <body
    class="dimmable dimmed"
  >
    <div>
      <div
        class="help"
      />
    </div>
    <div
      class="ui page modals dimmer transition visible active"
      style="display: flex;"
    >
      <div
        class="ui modal transition visible active"
      >
        <div
          class="header"
        >
          Help-Menu
        </div>
        <div
          class="content"
        >
          <div
            class="description"
          >
            <div
              class="ui large header"
            >
              User-Informations
            </div>
            <div
              class="ui divider"
            />
            <div
              class="ui divided two column grid"
            >
              <div
                class="row"
              >
                <div
                  class="column"
                >
                  <div
                    class="ui medium header"
                  >
                    Username:
                  </div>
                </div>
                <div
                  class="column"
                >
                  <div
                    class="ui small header"
                  >
                    test
                  </div>
                </div>
              </div>
              <div
                class="row"
              >
                <div
                  class="column"
                >
                  <div
                    class="ui medium header"
                  >
                    Role:
                  </div>
                </div>
                <div
                  class="column"
                >
                  <div
                    class="ui small header"
                  >
                    USER
                  </div>
                </div>
              </div>
              <div
                class="row"
              >
                <div
                  class="column"
                >
                  <div
                    class="ui medium header"
                  >
                    Group:
                  </div>
                </div>
                <div
                  class="column"
                >
                  <div
                    class="ui small header"
                  >
                    USER
                  </div>
                </div>
              </div>
              <div
                class="row"
              >
                <div
                  class="column"
                >
                  <div
                    class="ui medium header"
                  >
                    Connected:
                  </div>
                </div>
                <div
                  class="column"
                >
                  <div
                    class="ui small header"
                  >
                    True
                  </div>
                </div>
              </div>
            </div>
          </div>
        </div>
        <div
          class="actions"
        >
          <button
            class="ui red icon button"
          >
            <i
              aria-hidden="true"
              class="close icon"
            />
            Close
          </button>
        </div>
      </div>
    </div>
  </body>,
  "container": <div>
    <div
      class="help"
    />
  </div>,
  "debug": [Function],
  "findAllByAltText": [Function],
  "findAllByDisplayValue": [Function],
  "findAllByLabelText": [Function],
  "findAllByPlaceholderText": [Function],
  "findAllByRole": [Function],
  "findAllByTestId": [Function],
  "findAllByText": [Function],
  "findAllByTitle": [Function],
  "findByAltText": [Function],
  "findByDisplayValue": [Function],
  "findByLabelText": [Function],
  "findByPlaceholderText": [Function],
  "findByRole": [Function],
  "findByTestId": [Function],
  "findByText": [Function],
  "findByTitle": [Function],
  "getAllByAltText": [Function],
  "getAllByDisplayValue": [Function],
  "getAllByLabelText": [Function],
  "getAllByPlaceholderText": [Function],
  "getAllByRole": [Function],
  "getAllByTestId": [Function],
  "getAllByText": [Function],
  "getAllByTitle": [Function],
  "getByAltText": [Function],
  "getByDisplayValue": [Function],
  "getByLabelText": [Function],
  "getByPlaceholderText": [Function],
  "getByRole": [Function],
  "getByTestId": [Function],
  "getByText": [Function],
  "getByTitle": [Function],
  "queryAllByAltText": [Function],
  "queryAllByDisplayValue": [Function],
  "queryAllByLabelText": [Function],
  "queryAllByPlaceholderText": [Function],
  "queryAllByRole": [Function],
  "queryAllByTestId": [Function],
  "queryAllByText": [Function],
  "queryAllByTitle": [Function],
  "queryByAltText": [Function],
  "queryByDisplayValue": [Function],
  "queryByLabelText": [Function],
  "queryByPlaceholderText": [Function],
  "queryByRole": [Function],
  "queryByTestId": [Function],
  "queryByText": [Function],
  "queryByTitle": [Function],
  "rerender": [Function],
  "unmount": [Function],
}
`;
